// Jest Snapshot v1, https://goo.gl/fbAQLP

exports[`Search component snapshot Renders a search component on the page 1`] = `
<DocumentFragment>
  <form>
    <input
      class="url"
      name="url"
      placeholder="URL"
      type="text"
      value=""
    />
    <div
      class="container"
    >
      <label
        class="label"
        for="radio"
      >
        Get
        <input
          class="radio"
          id="get"
          name="method"
          type="radio"
          value="GET"
        />
      </label>
      <label
        class="label"
        for="radio"
      >
        Post
        <input
          class="radio"
          id="post"
          name="method"
          type="radio"
          value="POST"
        />
      </label>
      <label
        class="label"
        for="radio"
      >
        Put
        <input
          class="radio"
          id="put"
          name="method"
          type="radio"
          value="PUT"
        />
      </label>
      <label
        class="label"
        for="radio"
      >
        Patch
        <input
          class="radio"
          id="patch"
          name="method"
          type="radio"
          value="PATCH"
        />
      </label>
      <label
        class="label"
        for="radio"
      >
        Delete
        <input
          class="radio"
          id="delete"
          name="method"
          type="radio"
          value="DELETE"
        />
      </label>
      <button
        class="radio"
      >
        Go
      </button>
    </div>
  </form>
</DocumentFragment>
`;

exports[`Search component snapshot Renders the URL input and radios component on the page 1`] = `
<DocumentFragment>
  <form>
    <input
      class="url"
      name="url"
      placeholder="URL"
      type="text"
      value=""
    />
    <div
      class="container"
    >
      <label
        class="label"
        for="radio"
      >
        Get
        <input
          class="radio"
          id="get"
          name="method"
          type="radio"
          value="GET"
        />
      </label>
      <label
        class="label"
        for="radio"
      >
        Post
        <input
          class="radio"
          id="post"
          name="method"
          type="radio"
          value="POST"
        />
      </label>
      <label
        class="label"
        for="radio"
      >
        Put
        <input
          class="radio"
          id="put"
          name="method"
          type="radio"
          value="PUT"
        />
      </label>
      <label
        class="label"
        for="radio"
      >
        Patch
        <input
          class="radio"
          id="patch"
          name="method"
          type="radio"
          value="PATCH"
        />
      </label>
      <label
        class="label"
        for="radio"
      >
        Delete
        <input
          class="radio"
          id="delete"
          name="method"
          type="radio"
          value="DELETE"
        />
      </label>
      <button
        class="radio"
      >
        Go
      </button>
    </div>
  </form>
</DocumentFragment>
`;
